// Jest Snapshot v1, https://goo.gl/fbAQLP

exports[`Should render ExpenseDashboard page 1`] = `
<div>
  <Connect(ExpenseSummary) />
  <Connect(ExpenseListFilter) />
  <Connect(ExpenseList) />
</div>
`;
