// Jest Snapshot v1, https://goo.gl/fbAQLP

exports[`Should render ExpenseListItem with expense 1`] = `
<div>
  <Link
    replace={false}
    to="/edit/2"
  >
    <h3>
      Paid my last rent
    </h3>
  </Link>
  <p>
    $15.00
    -
    January 1st, 1970
  </p>
</div>
`;
